 %% PLEASE DO NOT MODIFY OR DELETE THIS FILE! %% 
 %% This file contains information about the installation of an application. %% 
 %% It will be used to automatically remove all application components from your computer if you choose to do so. %% 


NOTE: Beginning of the bootstrapper section

CONFIG: Title: "Winclust"

ACTION: RegKey: "HKEY_LOCAL_MACHINE\SOFTWARE\Microsoft\Windows\CurrentVersion", "SharedDLLs"

ACTION: SystemFile: "C:\Windows\System32\VB6STKIT.DLL"
(File currently on disk was already up to date)

ACTION: SystemFile: "C:\Windows\System32\COMCAT.DLL"
(File currently on disk was already up to date)

ACTION: SystemFile: "C:\Windows\System32\asycfilt.dll"
(File currently on disk was already up to date)

ACTION: SystemFile: "C:\Windows\System32\olepro32.dll"
(File currently on disk was already up to date)

ACTION: SystemFile: "C:\Windows\System32\oleaut32.dll"
(File currently on disk was already up to date)

ACTION: SystemFile: "C:\Windows\System32\stdole2.tlb"
(File currently on disk was already up to date)

ACTION: SystemFile: "C:\Windows\System32\msvbvm60.dll"
(File currently on disk was already up to date)

ACTION: DllSelfRegister: "C:\WINDOWS\SYSTEM32\COMCAT.DLL"

ACTION: DllSelfRegister: "C:\WINDOWS\SYSTEM32\olepro32.dll"

ACTION: DllSelfRegister: "C:\WINDOWS\SYSTEM32\oleaut32.dll"

ACTION: TLBRegister: "C:\WINDOWS\SYSTEM32\stdole2.tlb"

ACTION: DllSelfRegister: "C:\WINDOWS\SYSTEM32\msvbvm60.dll"

NOTE: End of the bootstrapper section

NOTE: Now spawning the main Setup program 'Setup1.exe'....

ACTION: CreateDir: "C:\Program Files (x86)\Winclust"

ACTION: SharedFile: "C:\WINDOWS\system32\MSSTDFMT.DLL"
(File was not found or was an older version -- new file copied)

ACTION: SharedFile: "C:\WINDOWS\system32\MSHFLXGD.OCX"
(File was not found or was an older version -- new file copied)

ACTION: SharedFile: "C:\WINDOWS\system32\MSADODC.OCX"
(File was not found or was an older version -- new file copied)

ACTION: SharedFile: "C:\WINDOWS\system32\COMCT332.OCX"
(File was not found or was an older version -- new file copied)

ACTION: SharedFile: "C:\WINDOWS\system32\MSDATLST.OCX"
(File was not found or was an older version -- new file copied)

ACTION: SharedFile: "C:\WINDOWS\system32\MSDATGRD.OCX"
(File was not found or was an older version -- new file copied)

ACTION: SharedFile: "C:\WINDOWS\system32\msmask32.ocx"
(File was not found or was an older version -- new file copied)

ACTION: SharedFile: "C:\WINDOWS\system32\MSCOMM32.OCX"
(File was not found or was an older version -- new file copied)

ACTION: SharedFile: "C:\WINDOWS\system32\SYSINFO.OCX"
(File was not found or was an older version -- new file copied)

ACTION: SharedFile: "C:\WINDOWS\system32\PICCLP32.OCX"
(File was not found or was an older version -- new file copied)

ACTION: SharedFile: "C:\WINDOWS\system32\MCI32.OCX"
(File was not found or was an older version -- new file copied)

ACTION: SharedFile: "C:\WINDOWS\system32\MSMAPI32.OCX"
(File was not found or was an older version -- new file copied)

ACTION: SharedFile: "C:\WINDOWS\system32\MSWINSCK.OCX"
(File was not found or was an older version -- new file copied)

ACTION: SharedFile: "C:\WINDOWS\system32\MSCHRT20.OCX"
(File was not found or was an older version -- new file copied)

NOTE: The file 'RICHED32.DLL' was not copied because it is intended for use under Windows 95 only.  It is not needed under Windows NT 3.51 or 4.0.

ACTION: SharedFile: "C:\WINDOWS\system32\richtx32.ocx"
(File was not found or was an older version -- new file copied)

ACTION: SharedFile: "C:\WINDOWS\system32\MSINET.OCX"
(File was not found or was an older version -- new file copied)

ACTION: SharedFile: "C:\WINDOWS\system32\MSCOMCT2.OCX"
(File was not found or was an older version -- new file copied)

ACTION: SharedFile: "C:\WINDOWS\system32\MSCOMCTL.OCX"
(File was not found or was an older version -- new file copied)

ACTION: SharedFile: "C:\WINDOWS\system32\Comdlg32.ocx"
(File was not found or was an older version -- new file copied)

ACTION: SharedFile: "C:\WINDOWS\system32\MSFLXGRD.OCX"
(File was not found or was an older version -- new file copied)

ACTION: SharedFile: "C:\WINDOWS\system32\TABCTL32.OCX"
(File was not found or was an older version -- new file copied)

ACTION: SharedFile: "C:\WINDOWS\system32\AnalysisLib.dll"
(File was not found or was an older version -- new file copied)

ACTION: PrivateFile: "C:\Program Files (x86)\Winclust\Winclust.exe"
(File was not found or was an older version -- new file copied)

ACTION: DllSelfRegister: "C:\WINDOWS\system32\MSSTDFMT.DLL"

ACTION: DllSelfRegister: "C:\WINDOWS\system32\MSHFLXGD.OCX"

ACTION: DllSelfRegister: "C:\WINDOWS\system32\MSADODC.OCX"

ACTION: DllSelfRegister: "C:\WINDOWS\system32\COMCT332.OCX"

ACTION: DllSelfRegister: "C:\WINDOWS\system32\MSDATLST.OCX"

ACTION: DllSelfRegister: "C:\WINDOWS\system32\MSDATGRD.OCX"

ACTION: DllSelfRegister: "C:\WINDOWS\system32\msmask32.ocx"

ACTION: DllSelfRegister: "C:\WINDOWS\system32\MSCOMM32.OCX"

ACTION: DllSelfRegister: "C:\WINDOWS\system32\SYSINFO.OCX"

ACTION: DllSelfRegister: "C:\WINDOWS\system32\PICCLP32.OCX"

ACTION: DllSelfRegister: "C:\WINDOWS\system32\MCI32.OCX"

ACTION: DllSelfRegister: "C:\WINDOWS\system32\MSMAPI32.OCX"

ACTION: DllSelfRegister: "C:\WINDOWS\system32\MSWINSCK.OCX"

ACTION: DllSelfRegister: "C:\WINDOWS\system32\MSCHRT20.OCX"

ACTION: DllSelfRegister: "C:\WINDOWS\system32\richtx32.ocx"

ACTION: DllSelfRegister: "C:\WINDOWS\system32\MSINET.OCX"

ACTION: DllSelfRegister: "C:\WINDOWS\system32\MSCOMCT2.OCX"

ACTION: DllSelfRegister: "C:\WINDOWS\system32\MSCOMCTL.OCX"

ACTION: DllSelfRegister: "C:\WINDOWS\system32\Comdlg32.ocx"

ACTION: DllSelfRegister: "C:\WINDOWS\system32\MSFLXGRD.OCX"

ACTION: DllSelfRegister: "C:\WINDOWS\system32\TABCTL32.OCX"

ACTION: DllSelfRegister: "C:\WINDOWS\system32\AnalysisLib.dll"

ACTION: ShellLink: "ClusterCutting", "Winclust"

ACTION: RegKey: "HKEY_LOCAL_MACHINE\SOFTWARE\Microsoft\Windows\CurrentVersion", "App Paths\Winclust.exe"

ACTION: RegValue: "HKEY_LOCAL_MACHINE\SOFTWARE\Microsoft\Windows\CurrentVersion\App Paths\Winclust.exe", ""

